R 0x00 1
R 0xf3 234
S 0xf4 6
R 0xf4 6
S 0xf4 6
R 0xf4 6
S 0xf4 3
R 0xf4 3
R 0xf1 0
R 0xf1 1
S 0xf3 122
R 0x17 49
R 0xde 0
S 0x31 204
S 0xf3 121
R 0x26 254
R 0x26 255
R 0x27 254
R 0x27 255
R 0x2d 2
R 0x07 1
R 0x26 254
R 0x26 255
R 0x27 254
R 0x27 255
R 0x0f 1
R 0x03 0
R 0x2f 4
R 0x2f 70
R 0xf3 17
R 0xa0 200
R 0xd5 0
R 0xf3 224
R 0xf3 233
R 0xf3 235
R 0x0b 0
R 0x45 1
R 0xb2 23
R 0xf3 236
R 0xf3 237
R 0xf3 48
R 0xc0 0
R 0x26 254
R 0x26 255
R 0x27 254
R 0x27 255
R 0xf3 80
R 0xd0 4
R 0xd5 1
R 0xd5 1
R 0xd5 1
R 0x13 4
R 0xf3 226
R 0x26 255
R 0xd4 2
R 0xd4 2
R 0xd4 2
R 0xd4 2
R 0xd4 2
R 0xf3 226
S 0xd4 81
R 0xd4 35
R 0xd4 2
R 0xd4 2
S 0xd4 86
R 0xd4 35
R 0xd4 2
R 0x13 1
R 0xf3 226
S 0xd4 86
R 0xd4 35
R 0xd4 2
S 0xd4 81
R 0xd4 35
S 0xd4 80
R 0xd4 35
R 0xd4 2
R 0xd4 2
R 0xf3 226
R 0x13 2
S 0xd4 83
R 0x26 255
R 0x81 8
R 0x11 2
R 0x27 255
R 0xd4 35
R 0xd4 2
R 0xd4 2
R 0xd4 2
S 0xd4 83
R 0x26 255
R 0x56 32
R 0x17 2
R 0x93 26
R 0x27 255
R 0xd4 35
R 0xf3 226
R 0xd4 2
R 0xd4 2
R 0xd4 2
R 0xd4 2
S 0x18 144
S 0xd4 83
R 0x26 255
R 0x92 25
R 0x11 2
R 0x27 255
R 0xd4 35
R 0xf3 226
R 0x26 255
R 0x13 1
R 0x20 1
R 0xd4 2
S 0xd4 83
R 0x11 2
R 0xbe 14
R 0x27 255
R 0xd4 35
R 0xd4 2
R 0x26 255
R 0x27 255
R 0x14 1
R 0x13 1
R 0xf3 226
S 0xd4 83
R 0x26 255
R 0x8f 27
R 0x17 2
R 0x84 48
R 0x27 255
R 0xd4 35
R 0xd4 2
R 0xd4 2
R 0xd4 2
S 0x18 150
S 0xd4 83
R 0x26 255
R 0x91 12
R 0x11 2
R 0x27 255
R 0xd4 35
R 0xd4 2
R 0x18 2
R 0x11 35
R 0xf3 226
R 0x20 1
R 0xd4 2
R 0x11 2
S 0xd4 83
R 0x26 255
R 0xba 51
R 0x17 2
R 0x26 254
R 0x26 255
R 0x27 254
R 0x27 255
R 0xf3 5
R 0x74 24
R 0x27 255
R 0xd4 35
R 0xd4 2
R 0xd4 2
R 0xd4 2
R 0xd4 2
R 0xd4 2
R 0xd4 2
R 0xd4 2
R 0x20 1
R 0xf3 226
S 0xd4 83
R 0xd4 35
R 0x26 255
R 0x27 255
R 0xd4 2
R 0xd4 2
R 0xd4 2
S 0xd4 86
R 0xd4 35
R 0xd4 2
R 0xd4 2
R 0xf3 226
R 0x14 1
R 0x26 255
R 0x27 255
R 0xd4 2
R 0xd4 2
R 0x14 2
R 0xf3 226
R 0xd4 2
R 0xd4 2
R 0xd4 2
R 0x0f 2
R 0xf3 226
R 0x13 1
R 0xd4 2
R 0xd4 2
R 0xd4 2
R 0x14 1
R 0xf3 226
R 0xd4 2
R 0xd4 2
R 0xf3 226
R 0x14 2
R 0xf3 226
R 0xf3 226
R 0xf3 226
R 0xf3 226
R 0x13 1
R 0x14 1
R 0xf3 226
R 0xd4 2
R 0xd4 2
R 0xf3 226
R 0xd4 2
R 0xd4 2
R 0xf3 226
R 0xd4 2
R 0xf3 226
R 0x14 1
R 0x13 1
R 0x13 2
R 0xf3 226
R 0xd4 2
R 0xd4 2
R 0xf3 226
R 0x14 1
R 0xd4 2
R 0x14 1
R 0x13 1
R 0xf3 226
R 0xd4 2
R 0xd4 2
R 0xd4 2
R 0xf3 226
R 0x14 1
R 0xd4 2
R 0x13 1
R 0xf3 226
R 0xd4 2
R 0xd4 2
R 0xd4 2
R 0xf3 226
R 0xd4 2
R 0xd4 2
R 0xf3 226
R 0xd4 2
R 0xd4 2
R 0x0f 0
R 0xf3 226
R 0xf3 226
R 0xd4 2
R 0xf3 226
R 0xd4 2
R 0xd4 2
R 0xf3 226
R 0xd4 2
R 0xd4 2
R 0xf3 226
R 0x14 1
R 0xd4 2
R 0xd4 2
R 0xf3 226
R 0xf3 226
R 0x13 2
R 0xd4 2
R 0x14 1
R 0x21 1
R 0x13 1
R 0xf3 226
R 0xd4 2
R 0xd4 2
R 0xd4 2
R 0xf3 226
R 0x13 1
R 0xd4 2
R 0xd4 2
R 0xd4 2
R 0xd4 2
R 0xd4 2
R 0xd4 2
R 0xd4 2
R 0x14 2
R 0x21 1
R 0x13 2
R 0xf3 226
R 0xd4 2
R 0xd4 2
R 0xd4 2
R 0xd4 2
R 0xd4 2
R 0xf3 226
R 0x14 1
R 0x21 1
R 0xd4 2
R 0xd4 2
R 0xf3 226
R 0xd4 2
R 0xf3 226
R 0x14 2
R 0xd4 2
R 0xd4 2
R 0xf3 226
R 0xd4 2
R 0xd4 2
R 0xf3 226
R 0xd4 2
R 0xd4 2
R 0x13 1
R 0x0f 35
R 0xf3 226
R 0xd4 2
R 0xf3 226
R 0xd4 2
R 0xd4 2
R 0xd4 2
R 0xf3 226
R 0xf3 226
R 0xd4 2
R 0xd4 2
R 0xd4 2
R 0xf3 226
R 0xd4 2
R 0xd4 2
R 0xd4 2
R 0xf3 226
R 0x14 1
R 0xd4 2
R 0xf3 226
R 0xd4 2
R 0xd4 2
R 0xf3 226
R 0xd4 2
R 0xf3 226
R 0xd4 2
R 0xf3 226
R 0x13 1
R 0xd4 2
R 0xd4 2
R 0x14 1
R 0xf3 226
R 0xd4 2
S 0x18 147
R 0xf3 226
S 0xd4 87
R 0xd4 35
R 0x14 1
R 0xf3 226
R 0xf3 226
R 0x13 1
R 0xf3 226
R 0xd4 2
S 0x18 151
R 0xf3 226
R 0x14 1
R 0x13 1
R 0xd4 2
R 0xf3 226
R 0xf3 226
R 0x14 1
R 0x13 1
S 0xd4 87
R 0xd4 35
R 0x14 1
R 0x0f 34
R 0xf3 226
R 0xf3 226
R 0x13 1
R 0xf3 226
R 0xd4 2
R 0xf3 226
R 0x14 1
R 0xf3 226
S 0x00 206
R 0xf3 226
R 0x14 2
R 0x0b 0
R 0x0b 0
R 0x0d 0
R 0x0d 1
R 0x13 5
R 0xf3 226
R 0xd4 2
R 0xd4 2
R 0xd4 2
R 0xd4 2
S 0xd4 87
R 0xd4 35
R 0x11 35
R 0x54 15
S 0xd4 87
S 0x11 154
R 0xd4 35
R 0x26 255
R 0x11 2
R 0xf3 226
R 0x13 1
R 0x11 35
R 0x5f 30
R 0xd4 2
R 0x18 2
R 0x11 35
S 0xd4 87
R 0x26 255
R 0xda 41
R 0x11 2
R 0x27 255
R 0xd4 35
R 0x11 2
R 0xf3 226
R 0x26 255
R 0x74 75
R 0x11 35
R 0x11 35
R 0xb0 19
S 0xd4 87
R 0x26 255
R 0xab 4
R 0x17 2
R 0x90 7
R 0x27 255
R 0xd4 35
R 0x11 2
R 0x15 35
S 0xd4 84
R 0x26 255
R 0xb0 46
R 0x11 2
R 0x27 255
R 0xd4 35
R 0xf3 226
R 0x20 1
R 0xd4 2
R 0xd4 2
S 0xd4 84
R 0x26 255
R 0xe1 46
R 0x11 2
R 0x27 255
R 0xd4 35
R 0xe9 1
R 0x11 35
R 0x18 2
R 0x11 35
R 0x11 2
R 0x11 2
R 0x15 35
R 0xf3 226
R 0x27 255
S 0xd4 85
R 0x26 255
R 0x25 20
R 0x17 2
R 0xdc 41
R 0x27 255
R 0xd4 35
R 0xd4 2
R 0x26 255
R 0x27 255
R 0xd4 2
R 0x7e 43
R 0x11 35
R 0x11 2
R 0x15 35
R 0xd4 2
R 0xf3 226
R 0x11 35
R 0x90 38
R 0xd4 2
R 0x14 1
R 0xf3 226
R 0x26 255
R 0x27 255
S 0xd4 84
R 0x72 24
R 0x27 255
R 0xd4 35
R 0x11 35
R 0x1f 10
R 0xd4 2
R 0x26 255
R 0x17 2
R 0x33 29
R 0xf3 226
R 0x26 255
R 0x27 255
R 0x13 1
S 0xd4 84
R 0xd2 79
R 0x27 255
R 0xd4 35
R 0x26 255
R 0x17 2
R 0x93 17
S 0xd4 84
R 0xa2 33
R 0x27 255
R 0xd4 35
R 0x13 1
R 0xf3 226
R 0x26 255
R 0x17 2
R 0x1b 32
S 0x18 144
R 0xd4 2
R 0x26 255
R 0x27 255
R 0xf3 226
R 0x14 1
R 0x20 1
R 0xd4 2
R 0x26 255
R 0x27 255
S 0x18 149
R 0x13 1
R 0xf3 226
R 0x27 255
S 0xd4 84
R 0xd4 35
R 0xd4 2
R 0x26 255
R 0x27 255
R 0xd4 2
R 0xf3 226
R 0xd4 2
S 0xd4 86
R 0xd4 35
R 0xd4 2
R 0xf3 226
S 0xd4 86
R 0xd4 35
R 0xd4 2
R 0xd4 2
R 0xf3 226
R 0xd4 2
R 0xd4 2
R 0x14 1
R 0x0f 34
R 0xf3 226
S 0x18 144
R 0xd4 2
R 0xf3 226
R 0x13 1
R 0xd4 2
R 0xd4 2
R 0xd4 2
R 0xf3 226
R 0xd4 2
R 0xcf 48
R 0x11 35
R 0x11 2
R 0x15 35
R 0xd4 2
R 0xf3 226
R 0x26 255
R 0xd4 2
R 0x14 1
R 0xf3 226
R 0x11 35
R 0xf6 62
R 0xf3 226
R 0x14 1
R 0x13 1
R 0xd4 2
R 0xd4 2
R 0x14 1
R 0x13 2
R 0xf3 226
R 0xd4 2
S 0x00 206
R 0x0b 0
R 0x0b 0
R 0x0d 0
R 0x0d 1
R 0xf3 226
R 0x14 4
R 0x13 9
R 0xd4 2
R 0xd4 2
R 0xd4 2
R 0xd4 2
R 0xd4 2
R 0xd4 2
R 0xd4 2
R 0xd4 2
R 0xd4 2
R 0xd4 2
S 0xd4 87
R 0xa3 4
R 0x27 255
R 0xd4 35
R 0xd4 2
R 0xd4 2
R 0xd4 2
R 0x8a 44
R 0x11 35
R 0x11 2
R 0x15 35
R 0x26 255
R 0x17 2
R 0x03 58
S 0xd4 87
R 0x0b 47
R 0x27 255
R 0xd4 35
R 0x14 1
R 0xf3 226
R 0x26 255
R 0x27 255
R 0x11 35
R 0x79 5
R 0x11 35
R 0x38 50
R 0xd4 2
R 0x26 255
R 0x11 2
S 0xd4 87
R 0xd4 2
R 0x69 3
R 0x27 255
R 0xd4 35
R 0xd4 2
R 0xd4 2
R 0xd4 2
R 0xf3 226
R 0x14 2
R 0x13 1
R 0x20 1
S 0x18 144
R 0x18 2
R 0x11 35
R 0xd4 2
R 0x26 255
R 0x11 2
S 0xd4 87
R 0x7c 22
R 0x27 255
R 0xd4 35
R 0x18 2
R 0x11 35
R 0x18 2
R 0x11 35
R 0x11 2
R 0x26 255
R 0x11 2
S 0xd4 87
R 0x11 35
R 0x3d 42
R 0x51 108
R 0x27 255
R 0xd4 35
R 0x26 255
R 0x27 255
R 0x13 1
R 0xf3 226
R 0x18 2
R 0x11 35
R 0xd4 2
R 0x11 2
R 0x11 35
R 0x4c 2
R 0xc2 42
R 0x11 35
R 0x26 255
R 0x11 2
S 0xd4 87
R 0xef 18
R 0x27 255
R 0xd4 35
R 0x11 2
R 0x15 35
R 0xd4 2
R 0xd4 2
R 0x18 2
R 0x11 35
R 0xf3 226
R 0x27 255
R 0x13 2
R 0x26 255
R 0x11 2
S 0xd4 86
R 0x9f 8
R 0x27 255
R 0xd4 35
R 0xd4 2
R 0xd4 2
R 0xd4 2
R 0x18 2
R 0x11 35
R 0x26 255
R 0x17 2
R 0x5f 56
S 0xd4 86
R 0x6b 62
R 0x27 255
R 0xd4 35
R 0xd4 2
R 0xd4 2
R 0xf3 226
R 0x13 1
R 0x11 35
R 0x18 9
R 0xd4 2
R 0x26 255
R 0x17 2
R 0x26 254
R 0x26 255
R 0x27 254
R 0x27 255
R 0xf3 5
R 0x6d 12
S 0xd4 86
R 0x94 40
R 0x27 255
R 0xd4 35
R 0x18 2
R 0x11 35
R 0xd4 2
R 0xd4 2
R 0x11 2
R 0xd4 2
R 0x26 255
R 0x11 2
R 0x13 1
R 0x20 2
R 0xf3 226
R 0x26 255
S 0xd4 86
R 0x2f 69
R 0x27 255
R 0xd4 35
R 0xd4 2
R 0xd4 2
R 0xd4 2
R 0x18 2
R 0x11 35
R 0xd4 2
R 0x11 2
R 0x26 255
R 0x17 2
R 0x5b 20
S 0x18 145
S 0xd4 86
R 0x95 12
R 0x27 255
R 0xd4 35
R 0x26 255
R 0x27 255
R 0xf3 226
R 0x27 255
R 0xd4 2
R 0xd4 2
R 0x18 2
R 0x11 35
R 0x11 2
R 0xd4 2
R 0x11 2
S 0xd4 86
R 0x35 106
R 0x27 255
R 0xd4 35
R 0x26 255
R 0x27 255
R 0xd4 2
R 0xd4 2
R 0xd4 2
R 0xd4 2
R 0x26 255
R 0x11 2
R 0x14 1
R 0x20 1
R 0x0f 37
R 0xf3 226
S 0xd4 86
R 0xe2 25
R 0x27 255
R 0xd4 35
R 0xd4 2
R 0xd4 2
R 0x18 2
R 0x11 35
R 0x11 2
R 0x11 35
R 0x77 31
R 0x18 2
R 0x11 35
R 0x11 2
R 0x26 255
R 0x17 2
R 0x7f 59
S 0xd4 86
R 0x26 255
R 0x27 255
R 0xd4 2
R 0xd4 2
R 0x1b 29
R 0x27 255
R 0xd4 35
R 0x18 2
R 0x11 35
R 0x18 2
R 0x11 35
R 0xd4 2
R 0xd4 2
R 0x11 2
R 0x11 2
R 0xf3 226
R 0x14 2
R 0x13 1
S 0xd4 86
R 0x1d 38
R 0x27 255
R 0xd4 35
R 0xd4 2
R 0x26 255
R 0x11 2
R 0x11 35
R 0x9d 7
S 0x18 145
R 0x18 2
R 0x11 163
R 0x11 2
R 0x26 255
R 0x11 2
R 0xd4 2
R 0x14 2
R 0x13 2
R 0xf3 226
R 0x27 255
R 0x18 2
R 0x11 35
R 0x18 2
R 0x11 35
R 0x18 2
R 0x11 35
R 0xd4 2
S 0xd4 86
R 0x9c 55
R 0x27 255
R 0xd4 35
R 0x26 255
R 0x27 255
R 0x11 2
R 0xf3 226
R 0x13 1
R 0xd4 2
R 0xd4 2
R 0xd4 2
R 0xd4 2
S 0xd4 86
R 0xfc 40
R 0x27 255
R 0xd4 35
R 0x26 255
R 0x11 2
R 0x18 2
R 0x11 35
R 0xd4 2
R 0xd4 2
R 0xd4 2
R 0x11 2
R 0x60 13
R 0x11 35
R 0x18 2
R 0x11 35
R 0x26 255
R 0x11 2
S 0xd4 86
R 0x01 47
R 0x27 255
R 0xd4 35
R 0x11 2
R 0x11 2
R 0x14 2
R 0xf3 226
R 0xd4 2
R 0xd4 2
R 0x18 2
R 0x11 35
R 0x18 2
R 0x11 35
R 0x11 2
R 0x26 255
R 0x17 2
R 0x16 5
S 0xd4 86
R 0x3f 113
R 0x27 255
R 0xd4 2
R 0xd4 35
R 0xf3 226
R 0x27 255
R 0x21 1
R 0x13 1
R 0xd4 2
R 0xd4 2
R 0x18 2
R 0x11 35
R 0xd4 2
R 0x26 255
R 0x17 2
R 0x39 7
S 0xd4 86
R 0xd4 35
S 0x18 145
R 0x8f 15
R 0x11 35
R 0xd4 2
R 0x11 2
R 0x15 35
S 0xd4 81
R 0xa5 85
R 0x27 255
R 0xd4 35
R 0xd4 2
R 0x13 1
R 0x20 1
R 0xf3 226
R 0x11 35
R 0xd4 4
R 0xd4 2
R 0xd4 2
R 0xd4 2
R 0x18 2
R 0x11 35
R 0x11 2
R 0x26 255
R 0x17 2
R 0x37 48
S 0xd4 81
R 0x72 27
R 0x27 255
R 0xd4 35
R 0x26 255
R 0x27 255
R 0xd4 2
R 0x26 255
R 0x11 2
R 0xf3 226
R 0x14 1
R 0x20 1
S 0xd4 81
R 0xb1 16
R 0x27 255
R 0xd4 35
R 0xd4 2
R 0xd4 2
R 0xd4 2
R 0x26 255
R 0x27 255
R 0xd4 2
R 0xd4 2
R 0xd4 2
R 0x26 255
R 0x11 2
S 0xd4 81
R 0x08 46
R 0x27 255
R 0xd4 35
R 0xd4 2
R 0x18 2
R 0x11 35
R 0x14 1
R 0xf3 226
R 0x26 255
R 0x27 255
R 0x11 2
R 0x26 255
R 0x17 2
R 0x27 35
R 0x11 35
R 0x0f 3
S 0x18 150
S 0xd4 81
R 0x1c 40
R 0x27 255
R 0xd4 35
R 0x26 255
R 0x27 255
R 0x26 255
R 0x17 2
R 0x26 254
R 0x26 255
R 0x27 254
R 0x27 255
R 0xf3 5
R 0x8d 61
R 0xf3 226
R 0x14 1
R 0x13 1
R 0x20 1
R 0xd4 2
R 0xd4 2
S 0xd4 81
R 0xd4 35
R 0xd4 2
R 0x14 1
R 0x13 1
R 0xf3 226
R 0xd4 2
S 0xd4 81
R 0xd4 35
R 0xd4 2
R 0x26 255
R 0x27 255
R 0xd4 2
R 0xd4 2
S 0xd4 81
R 0xd4 35
S 0x18 145
R 0xf3 226
R 0x21 1
R 0x13 1
R 0x26 255
R 0x27 255
R 0xd4 2
S 0xd4 81
R 0xb9 86
R 0x27 255
R 0xd4 35
R 0xd4 2
R 0x14 1
R 0xf3 226
R 0x26 255
R 0x17 2
R 0x45 37
R 0xd4 2
R 0xd4 2
S 0x18 144
S 0xd4 81
R 0x52 50
R 0x27 255
R 0xd4 35
R 0xd4 2
R 0xd4 2
R 0xf3 226
R 0x26 255
R 0x14 1
R 0x13 1
R 0x20 1
R 0xef 31
R 0x11 35
R 0x26 255
R 0x17 2
R 0x57 45
S 0xd4 81
R 0xd4 35
R 0xd4 2
R 0xd4 2
R 0xd4 2
R 0x20 1
R 0xf3 226
R 0x27 255
S 0xd4 81
R 0xd4 35
S 0x18 145
R 0x26 255
R 0x27 255
S 0xd4 81
R 0x04 26
R 0x27 255
R 0xd4 35
R 0xd4 2
R 0xf3 226
R 0x14 1
R 0x26 255
R 0x11 2
S 0xd4 81
R 0xa4 57
R 0x27 255
R 0xd4 35
R 0x26 255
R 0x27 255
R 0xd4 2
S 0x18 145
R 0x26 255
R 0x17 2
R 0x12 8
R 0x0f 21
R 0xf3 226
S 0xd4 81
R 0x0c 5
R 0x27 255
R 0xd4 35
R 0xd4 2
R 0xd4 2
R 0x11 2
S 0xd4 81
R 0xae 62
R 0x27 255
R 0xd4 35
R 0xf3 226
R 0x27 255
R 0x14 1
R 0x13 1
R 0x20 1
R 0xd4 2
R 0x26 255
R 0x17 2
R 0xb2 58
S 0x18 148
R 0xd4 2
S 0xd4 81
R 0xd4 35
R 0x14 1
R 0x13 1
R 0x20 1
R 0xf3 226
R 0x26 255
R 0x26 255
R 0x27 255
R 0xd4 2
R 0xd4 2
S 0xd4 81
R 0xd4 35
R 0xf3 226
R 0x14 1
R 0x13 2
R 0xd4 2
R 0x26 255
R 0x27 255
S 0xd4 86
R 0xd4 35
R 0xd4 2
R 0x14 1
R 0x21 2
R 0xf3 226
S 0xd4 87
R 0xd4 35
R 0xd4 2
S 0xd4 87
R 0xd4 35
R 0xd4 2
R 0xf3 226
R 0x14 6
R 0x21 4
S 0xd4 87
R 0xd4 35
R 0x13 1
R 0xf3 226
R 0xd4 2
R 0xf3 226
S 0x18 145
R 0x14 1
R 0xf3 226
R 0xd4 2
R 0xf3 226
R 0xf3 226
R 0xf3 226
R 0x14 1
R 0xf3 226
R 0xf3 226
R 0x14 1
R 0x11 35
R 0xd6 50
R 0xf3 226
R 0x0f 6
R 0xf3 226
R 0xeb 32
R 0x11 35
R 0x11 2
R 0xf3 226
R 0xf3 226
R 0x26 255
R 0x13 1
R 0x14 1
R 0xf3 226
R 0x11 35
R 0x0d 29
S 0x00 206
R 0xf3 226
R 0x14 3
R 0x0b 0
R 0x0b 0
R 0x0d 0
R 0x0d 1
R 0x13 9
R 0xf3 226
R 0xd4 2
R 0xd4 2
R 0xd4 2
R 0xd4 2
R 0xd4 2
R 0xd4 2
R 0x11 35
R 0x60 62
R 0xf3 226
R 0x21 1
R 0xd4 2
R 0xd4 2
R 0xd4 2
R 0xd4 2
R 0xd4 2
R 0x11 35
R 0x77 103
R 0x14 1
R 0xf3 226
R 0x26 255
R 0xd4 2
R 0xd4 2
R 0xd6 8
R 0x11 35
R 0x04 43
R 0x11 35
R 0xd4 2
R 0x11 2
R 0x11 2
R 0x15 35
R 0x15 35
R 0xa1 104
R 0x11 35
R 0x11 2
R 0x15 35
R 0xf3 226
R 0x14 1
R 0x21 2
R 0x13 1
R 0xd4 2
R 0xd4 2
R 0xd4 2
R 0xd4 2
R 0xd4 2
R 0xd4 2
R 0xc2 30
R 0x11 35
R 0x11 2
R 0x15 35
R 0x14 1
R 0x21 1
R 0x13 2
R 0xf3 226
R 0xd4 2
R 0xd4 2
R 0xd4 2
R 0xda 28
R 0x11 35
R 0x11 35
R 0xd4 103
R 0x11 2
R 0x15 35
R 0xd4 2
R 0xd4 2
R 0xd4 2
R 0x11 35
R 0xdc 28
R 0xf3 226
R 0x14 1
R 0xd4 2
R 0xd4 2
R 0xd4 2
R 0xd4 2
R 0x11 35
R 0x83 17
R 0x13 1
R 0xf3 226
R 0xd4 2
R 0xd4 2
R 0xd4 2
R 0x11 35
R 0xac 63
R 0xe9 32
R 0x11 35
R 0x11 2
R 0x15 35
R 0xd4 2
R 0xf3 226
R 0x26 255
R 0x14 2
R 0x2b 15
R 0x11 35
R 0x11 2
R 0xd4 2
R 0xd4 2
R 0x15 35
R 0xd4 2
R 0xd4 2
R 0x14 1
R 0x21 1
R 0xf3 226
R 0xd0 33
R 0x11 35
R 0x11 2
R 0x15 35
R 0xd4 2
R 0x11 35
R 0x95 15
R 0x0b 44
R 0x11 35
R 0x11 2
R 0x15 35
R 0xf3 226
R 0x13 2
R 0xd4 2
R 0x11 35
R 0x3f 35
R 0xd4 2
S 0x00 206
R 0x14 8
R 0x0f 5
R 0xf3 226
R 0x0b 0
R 0x0b 0
R 0x0d 0
R 0x0d 1
R 0xf3 226
R 0x13 8
R 0xd4 2
R 0xd4 2
R 0xd4 2
R 0xd4 2
S 0x18 145
S 0xd4 87
R 0x4c 36
R 0x27 255
R 0xd4 35
R 0xeb 37
R 0x11 35
R 0x18 2
R 0x11 35
R 0xd4 2
R 0x11 2
R 0xd4 2
R 0x15 35
R 0x26 255
R 0x11 2
R 0x14 1
R 0xf3 226
R 0x26 255
R 0xd4 2
S 0xd4 86
R 0x92 70
R 0x27 255
R 0xd4 35
R 0xd4 2
R 0xd4 2
R 0x26 255
R 0x17 2
R 0xdf 56
S 0x18 144
S 0xd4 86
R 0x1c 25
R 0x27 255
R 0xd4 35
R 0x18 2
R 0x11 35
R 0xf3 226
R 0x26 255
R 0x17 2
R 0x3f 2
S 0xd4 86
R 0xd2 15
R 0x27 255
R 0xd4 35
R 0xd4 2
R 0xd4 2
R 0x18 2
R 0x11 35
R 0x13 1
R 0x20 1
R 0xf3 226
R 0x27 255
R 0xd4 2
R 0x18 2
R 0x11 35
R 0x26 255
R 0x17 2
R 0xbb 46
S 0xd4 86
R 0x5a 17
R 0x27 255
R 0xd4 35
R 0xd4 2
R 0x26 255
R 0x11 2
R 0xd4 2
R 0x26 255
R 0x27 255
S 0xd4 86
R 0xcc 0
R 0x27 255
R 0xd4 35
R 0x11 35
R 0x0a 4
R 0xf3 226
R 0x20 1
R 0xd4 2
R 0xd4 2
R 0x18 2
R 0x11 35
R 0x11 2
R 0x26 255
R 0x27 255
R 0x26 255
R 0x17 2
R 0xf2 1
S 0xd4 86
R 0xb0 28
R 0x27 255
R 0xd4 35
R 0x11 35
R 0x8c 118
R 0xf3 226
R 0xd4 2
R 0x26 255
R 0x27 255
R 0x26 255
R 0x17 2
R 0x73 9
R 0x18 2
R 0x11 35
S 0xd4 86
R 0x38 69
R 0x27 255
R 0xd4 35
R 0xf3 226
R 0x26 255
R 0x27 255
R 0x14 1
R 0x20 2
R 0x26 255
R 0x17 2
R 0x8d 41
S 0xd4 86
R 0xdf 29
R 0x27 255
R 0xd4 35
R 0x26 255
R 0x27 255
R 0x11 35
R 0x8c 12
R 0x26 255
R 0x11 2
R 0x20 1
R 0xf3 226
R 0x90 17
R 0x26 255
R 0x27 255
S 0x31 204
R 0xf3 226
R 0x21 1
R 0x13 1
S 0xd4 86
R 0xd4 35
R 0xb3 1
R 0x26 255
R 0x27 255
R 0xd4 2
S 0xd4 81
R 0xd4 35
R 0x13 1
R 0xf3 226
R 0x27 255
R 0xd4 2
R 0xd4 2
R 0xd4 2
S 0xd4 83
R 0xd4 35
R 0xd4 2
R 0xf3 226
R 0x14 1
R 0x13 1
S 0xd4 83
R 0xd4 35
R 0xd4 2
R 0x14 2
R 0x21 1
R 0xf3 226
S 0xd4 80
R 0xd4 35
S 0xd4 80
R 0xd4 35
R 0xd4 2
S 0xd4 80
R 0xd4 35
R 0xf3 226
R 0x14 5
R 0x21 3
S 0xd4 80
R 0xd4 35
R 0xd4 2
S 0xd4 83
R 0xd4 35
R 0x14 1
R 0x0f 18
R 0xf3 226
S 0xd4 81
R 0xd4 35
R 0xf3 226
R 0x14 1
S 0xd4 87
R 0xd4 35
R 0xf3 226
R 0xf3 226
S 0x18 145
R 0xf3 226
S 0x00 206
R 0xf3 226
R 0x0b 0
R 0x13 3
R 0x0b 0
R 0x0d 0
R 0x0d 1
R 0xd4 2
R 0xd4 2
R 0x18 2
R 0x11 35
R 0x18 2
R 0x11 35
R 0x11 2
S 0x00 206
R 0x14 3
R 0xf3 226
R 0x0b 0
R 0x0b 0
R 0x0d 0
R 0x0d 1
R 0xf3 226
R 0x13 7
S 0xd4 84
R 0x6e 6
R 0x27 255
R 0xd4 35
R 0xd4 2
R 0xd4 2
R 0xd4 2
R 0x18 2
R 0x11 35
R 0x18 2
R 0x11 35
R 0x0c 41
R 0x11 35
R 0x11 35
R 0x3e 19
R 0xd4 2
R 0x26 255
R 0x17 2
R 0x26 254
R 0x26 255
R 0x27 254
R 0x27 255
R 0xf3 5
R 0x3c 44
R 0x11 2
R 0x11 2
S 0xd4 84
R 0x5e 56
R 0x27 255
R 0xd4 35
R 0x15 35
R 0xf3 226
R 0x27 255
R 0xd4 2
R 0x26 255
R 0x17 2
R 0x59 46
S 0xd4 84
R 0x55 42
R 0x27 255
R 0xd4 35
R 0xd4 2
R 0x11 35
R 0x88 0
R 0xd4 2
R 0x26 255
R 0x17 2
R 0x8b 64
S 0xd4 84
R 0x1d 94
R 0x27 255
R 0xd4 35
R 0xf3 226
R 0x20 1
R 0xd4 2
R 0x18 2
R 0x11 163
R 0x11 2
R 0x26 255
R 0x11 2
R 0x26 255
R 0x27 255
R 0x11 35
R 0x87 18
R 0xf3 226
R 0xd4 2
S 0xd4 84
R 0x53 27
R 0x27 255
R 0xd4 35
R 0x26 255
R 0x27 255
R 0x18 2
R 0x11 163
R 0xd4 2
R 0x11 35
R 0xc5 55
R 0x11 2
R 0x26 255
R 0x17 2
R 0xa5 20
S 0x18 146
R 0x26 255
R 0x27 255
R 0xf3 226
R 0x27 255
S 0xd4 84
R 0x0f 34
R 0x27 255
R 0xd4 35
R 0x26 255
R 0x17 2
R 0x2d 22
R 0xf3 226
S 0xd4 84
R 0x69 51
R 0x27 255
R 0xd4 35
R 0x26 255
R 0x17 2
R 0xb9 21
R 0xd4 2
R 0x26 255
R 0x27 255
R 0xf3 226
S 0xd4 84
R 0xd4 35
R 0x26 255
R 0x27 255
R 0x20 1
R 0xf3 226
R 0x27 255
S 0xd4 81
R 0xd4 35
R 0xd4 2
S 0xd4 80
R 0xd4 35
R 0x26 255
R 0x27 255
S 0xd4 83
R 0xd4 35
R 0xf3 226
R 0x13 2
S 0xd4 82
R 0xd4 35
S 0xd4 82
R 0xd4 35
S 0xd4 77
R 0xd4 35
R 0xd4 2
R 0xd4 2
R 0xf3 226
S 0xd4 76
R 0xd4 35
S 0xd4 79
R 0xd4 35
R 0xd4 2
R 0xd4 2
S 0xd4 78
R 0xd4 35
S 0xd4 78
R 0xd4 35
R 0xd4 2
R 0xf3 226
S 0xd4 73
R 0xd4 35
R 0xd4 2
R 0xd4 2
S 0xd4 78
R 0xd4 35
S 0xd4 78
R 0xd4 35
R 0xd4 2
R 0x0f 20
R 0xf3 226
S 0xd4 73
R 0xd4 35
R 0x11 35
R 0xfc 8
R 0xf3 226
R 0x14 2
R 0x11 35
R 0x89 1
S 0xd4 75
R 0xd4 35
R 0x14 5
R 0x21 2
R 0xf3 226
R 0xa2 44
R 0x11 163
R 0x11 2
R 0x15 35
R 0xf3 226
S 0x18 145
R 0x11 35
R 0x4b 5
R 0x13 1
R 0xf3 226
R 0xf3 226
R 0x26 255
R 0x14 1
S 0x00 206
R 0x0b 0
R 0x0b 0
R 0x0d 0
R 0x0d 1
R 0x14 2
R 0x13 6
R 0xf3 226
R 0xd4 2
R 0xd4 2
R 0xd4 2
R 0xd4 2
R 0xd4 3
S 0x18 146
R 0xf3 226
S 0xd4 74
R 0xfc 23
R 0x27 255
R 0xd4 35
R 0x11 35
R 0xc2 111
R 0xd4 3
R 0xe9 4
R 0x11 163
R 0xd4 2
R 0xd4 3
R 0xd4 3
R 0x26 255
R 0x11 2
R 0x11 2
R 0x15 35
R 0x13 1
R 0xf3 226
R 0x27 255
R 0x11 35
R 0x59 26
R 0xd4 3
R 0xd4 3
S 0x18 145
S 0xd4 69
R 0x7c 5
R 0x27 255
R 0xd4 35
R 0xd4 2
R 0xd4 3
R 0x26 255
R 0x17 2
R 0x9a 59
R 0xf3 226
R 0x14 1
R 0x13 1
R 0xd4 2
R 0xd4 3
R 0x11 35
R 0x01 7
S 0xd4 69
R 0xa9 37
R 0x27 255
R 0xd4 35
R 0xd4 2
R 0xd4 2
R 0xd4 3
R 0x11 35
R 0x7e 62
R 0x14 1
R 0x13 1
R 0x20 1
R 0xf3 226
R 0x26 255
R 0xd4 3
R 0x26 255
R 0x17 2
R 0x6a 18
S 0xd4 69
R 0xd4 35
R 0xd4 2
R 0xd4 3
S 0xd4 69
R 0xd4 35
R 0x26 255
R 0x27 255
R 0xf3 226
R 0x27 255
R 0x14 1
R 0x13 1
R 0x20 1
R 0xd4 2
R 0xd4 2
R 0xd4 3
S 0xd4 69
R 0x02 29
R 0x27 255
R 0xd4 35
R 0xd4 3
R 0x14 2
R 0x13 1
R 0xf3 226
R 0xe7 8
R 0x11 35
R 0x11 2
R 0x26 255
R 0x27 255
R 0x26 255
R 0x17 2
R 0xdb 42
R 0xd4 2
R 0xd4 2
R 0x0f 1
R 0xf3 226
R 0x14 1
R 0x20 1
S 0xd4 69
R 0x45 15
R 0x27 255
R 0xd4 35
R 0xd4 3
R 0x11 2
S 0xd4 69
R 0xa5 21
R 0x27 255
R 0xd4 35
R 0xf3 226
R 0x27 255
S 0x18 148
R 0x26 255
R 0x11 2
R 0x26 255
R 0x27 255
S 0xd4 69
R 0xd4 35
R 0x64 63
R 0x11 35
R 0xf3 226
R 0x26 255
R 0x11 2
S 0xd4 69
R 0xd4 35
R 0xd4 3
S 0xd4 69
R 0xd4 35
R 0xf3 226
S 0xd4 68
R 0xba 66
R 0x27 255
R 0xd4 35
R 0xf3 226
R 0x27 255
R 0xd4 2
R 0x45 30
R 0x11 35
R 0x11 3
R 0x11 3
S 0xd4 68
R 0x92 58
R 0x27 255
R 0xd4 35
R 0xf3 226
R 0x26 255
R 0x17 3
R 0x9d 55
S 0x18 149
S 0xd4 68
R 0xd4 35
S 0xd4 68
R 0xd4 35
R 0xf3 226
R 0x14 2
R 0x21 2
R 0x20 1
R 0xf3 226
R 0x26 255
R 0x27 255
R 0x26 255
R 0x27 255
R 0xf3 226
R 0x14 1
R 0x13 1
R 0x14 123
R 0xd4 2
R 0x21 1
R 0x13 1
R 0xf3 226
R 0xd4 2
R 0x1c 61
S 0x00 206
R 0x0b 0
R 0x0b 0
R 0x0d 0
R 0x0d 1
R 0xf3 226
R 0x14 2
R 0x13 9
R 0xd4 2
R 0xd4 2
R 0xd4 3
R 0xd4 2
R 0x18 2
R 0x11 35
R 0x18 2
R 0x11 35
R 0x18 2
R 0x11 163
R 0x11 2
R 0x11 2
R 0x14 1
R 0xf3 226
R 0xd4 2
R 0xd4 3
R 0xd4 3
R 0xd4 3
R 0xd4 3
R 0xd4 2
R 0x0f 18
R 0xf3 226
R 0x26 255
R 0x13 1
R 0xd4 2
R 0xd4 3
R 0x18 2
R 0x11 35
R 0x18 2
R 0x11 163
R 0x18 2
R 0x11 35
R 0x11 2
R 0x11 2
R 0x18 2
R 0x11 35
R 0xd4 3
R 0xd4 2
R 0xd4 2
R 0xd4 3
R 0xd4 3
R 0x14 1
R 0xf3 226
R 0xd4 3
R 0xd4 3
R 0xd4 2
R 0xd4 3
R 0x87 40
R 0x11 35
R 0x18 2
R 0x11 35
R 0x18 2
R 0x11 35
R 0x18 2
R 0x11 163
R 0x11 3
R 0xf3 226
R 0x14 1
R 0x15 35
R 0x11 2
R 0x11 2
R 0xd4 2
R 0xd4 2
R 0xd4 2
R 0xd4 3
R 0xd4 2
R 0xd4 3
R 0x14 2
R 0x13 1
R 0xf3 226
S 0x00 206
R 0x0b 0
R 0x0b 0
R 0x0d 0
R 0x0d 1
S 0x18 146
S 0xd4 68
R 0x27 13
R 0x27 255
R 0xd4 35
R 0xf3 226
R 0x27 255
R 0x14 4
R 0x13 6
R 0xd4 2
R 0xd4 2
R 0xd4 2
R 0x26 255
R 0x11 2
R 0x18 2
R 0x11 35
R 0x18 2
R 0x11 35
R 0x18 2
R 0x11 35
R 0x18 2
R 0x11 35
R 0xd4 3
R 0x11 2
S 0xd4 68
R 0x19 48
R 0x27 255
R 0xd4 35
R 0xf3 226
R 0x26 255
R 0xd4 2
R 0xd4 3
R 0x26 255
R 0x11 2
S 0xd4 68
R 0x8f 28
R 0x27 255
R 0xd4 35
R 0xd4 2
R 0xd4 2
R 0xd4 3
R 0x26 255
R 0x17 2
R 0x26 254
R 0x26 255
R 0x27 254
R 0x27 255
R 0xf3 5
R 0xef 86
S 0x18 144
R 0x18 2
R 0x11 35
R 0x18 2
R 0x11 35
R 0xd4 3
S 0xd4 68
R 0x48 13
R 0x27 255
R 0xd4 35
R 0x11 2
R 0xf3 226
R 0x13 1
R 0xd4 2
R 0xd4 2
R 0x18 2
R 0x11 35
R 0xd4 2
R 0x26 255
R 0x11 2
S 0xd4 68
R 0x42 36
R 0x27 255
R 0xd4 35
R 0x18 2
R 0x11 35
R 0xd4 2
R 0xd4 3
R 0x14 1
R 0x20 1
R 0xf3 226
R 0x27 255
R 0x18 2
R 0x11 35
R 0x18 2
R 0x11 35
R 0x26 255
R 0x11 2
R 0x11 2
S 0xd4 68
R 0x8a 75
R 0x27 255
R 0xd4 35
R 0xd4 2
R 0x26 255
R 0x17 2
R 0x27 44
S 0x18 149
S 0xd4 68
R 0xff 24
R 0x27 255
R 0xd4 35
R 0x18 2
R 0x11 35
R 0xd4 2
R 0x26 255
R 0x27 255
R 0xf3 226
R 0xd4 2
R 0x18 2
R 0x11 35
R 0x18 2
R 0x11 35
R 0xd4 3
R 0x26 255
R 0x11 2
S 0xd4 68
R 0xb9 22
R 0x27 255
R 0xd4 35
R 0x15 59
R 0x18 2
R 0x11 35
R 0x14 1
R 0x21 1
R 0x13 1
R 0x20 1
R 0xf3 226
R 0x18 2
R 0x11 35
R 0x18 2
R 0x11 35
R 0x11 2
R 0x26 255
R 0x11 2
S 0xd4 68
R 0xae 57
R 0x27 255
R 0xd4 35
R 0x18 2
R 0x11 35
R 0x18 2
R 0x11 35
S 0x18 148
R 0x11 2
R 0x11 2
R 0x26 255
R 0x17 2
R 0xe0 59
R 0xbb 2
R 0x26 255
R 0x27 255
R 0xf3 226
R 0x27 255
R 0x14 2
R 0x13 2
S 0x31 204
S 0xd4 68
R 0xd4 2
R 0x18 2
R 0x11 35
R 0x28 20
R 0x27 255
R 0xd4 35
R 0x11 2
R 0xd4 2
R 0x18 2
R 0x11 35
R 0x18 2
R 0x11 35
R 0x18 2
R 0x11 35
R 0x11 2
R 0x11 2
R 0x26 255
R 0x11 2
S 0xd4 68
R 0x6c 39
R 0x27 255
R 0xd4 35
R 0x13 1
R 0x20 1
R 0xf3 226
R 0x65 7
R 0x11 35
R 0x26 255
R 0x11 2
S 0xd4 68
R 0x18 2
R 0x11 35
R 0xd4 3
R 0xba 4
R 0x27 255
R 0xd4 35
R 0x11 3
R 0x15 35
R 0x26 255
R 0x27 255
R 0xd4 2
R 0xf3 226
R 0x14 1
R 0x18 2
R 0x11 35
R 0x18 2
R 0x11 35
R 0x11 2
R 0x11 2
R 0x26 255
R 0x17 2
R 0x9a 25
S 0x18 145
S 0xd4 71
R 0xab 59
R 0x27 255
R 0xd4 35
R 0xd4 2
R 0xd4 3
R 0xd4 2
R 0x26 255
R 0x17 2
R 0x21 59
S 0xd4 71
R 0x6c 10
R 0x27 255
R 0xd4 35
R 0xd4 2
R 0x13 3
R 0x20 1
R 0x0f 34
R 0xf3 226
R 0x27 255
R 0xd4 2
R 0xd4 3
R 0xd4 3
R 0x18 2
R 0x11 35
R 0x98 29
R 0x18 2
R 0x11 35
R 0xd4 3
R 0x26 255
R 0x17 2
R 0x31 18
S 0xd4 71
R 0xcb 103
R 0x27 255
R 0xd4 35
R 0x45 21
R 0x11 35
R 0xd4 3
R 0xd4 3
R 0x11 3
R 0xd4 3
R 0x14 1
R 0x21 1
R 0x13 1
R 0x20 1
R 0xf3 226
R 0x26 255
R 0x27 255
R 0x26 255
R 0x17 2
R 0xa7 59
S 0xd4 71
R 0x22 38
R 0x27 255
R 0xd4 35
R 0xf6 53
R 0xd4 2
R 0xd4 3
R 0xd4 3
R 0xd4 2
R 0xd4 2
R 0xd4 2
R 0xd4 3
R 0xd4 3
R 0x26 255
R 0x27 255
R 0x26 255
R 0x17 3
R 0xeb 0
R 0xf3 226
R 0x26 255
R 0x13 1
R 0x20 1
R 0xd4 2
R 0x26 255
R 0x27 255
R 0xd4 2
R 0xd4 2
S 0x18 148
R 0xd4 3
R 0x14 1
R 0x21 1
R 0xf3 226
R 0x27 255
R 0xd4 2
R 0x26 255
R 0x27 255
S 0xd4 71
R 0xd4 35
R 0xd4 3
R 0xd4 3
R 0xd4 2
R 0xd4 2
S 0xd4 70
R 0xd4 35
R 0x26 255
R 0x27 255
R 0xf3 226
R 0x14 3
R 0x13 1
S 0xd4 65
R 0xd4 35
S 0xd4 64
R 0xd4 35
R 0xd4 3
S 0xd4 67
R 0xd4 35
S 0xd4 66
R 0xd4 35
R 0x14 2
R 0x13 1
R 0xf3 226
S 0xd4 66
R 0xd4 35
R 0xd4 2
R 0xd4 3
R 0xf3 226
S 0xd4 66
R 0xd4 35
S 0xd4 125
R 0xd4 35
S 0xd4 124
R 0xd4 35
R 0xf3 226
S 0xd4 127
R 0xd4 35
R 0xd4 2
S 0xd4 126
R 0xd4 35
R 0xd4 2
S 0xd4 121
R 0xd4 35
R 0xf3 226
R 0x14 7
R 0x21 4
R 0xd4 2
S 0xd4 120
R 0xd4 35
R 0xd4 2
R 0x14 2
R 0xf3 226
S 0xd4 123
R 0xd4 35
R 0xf3 226
R 0x14 1
S 0xd4 116
R 0xd4 35
R 0xf3 226
R 0xf3 226
R 0x13 1
S 0x00 206
R 0x0b 0
R 0x0b 0
R 0x0d 0
R 0x0d 1
R 0x14 1
R 0x13 5
R 0x0f 17
R 0xf3 226
R 0xd4 2
R 0xd4 2
R 0xd4 2
R 0xd4 2
R 0xd4 3
R 0xd4 3
S 0x00 206
R 0xf3 226
R 0x14 5
R 0x0b 0
R 0x0b 0
R 0x0d 0
R 0x0d 1
R 0x13 8
R 0xf3 226
R 0xd4 2
R 0xd4 2
R 0xd4 2
R 0xd4 2
S 0x18 149
S 0xd4 116
R 0x41 61
R 0x27 255
R 0xd4 35
R 0x18 2
R 0x11 35
R 0x18 2
R 0x11 35
R 0x18 2
R 0x11 35
R 0x18 2
R 0x11 35
R 0x11 35
R 0xe2 97
R 0x11 2
R 0x11 2
R 0x26 255
R 0x11 2
R 0xf3 226
S 0xd4 116
R 0xd4 16
R 0x27 255
R 0xd4 35
R 0x11 2
S 0xd4 116
R 0xd4 2
R 0xd4 2
R 0xf3 56
R 0x27 255
R 0xd4 35
R 0x18 2
R 0x11 35
R 0x18 2
R 0x11 35
R 0x11 2
R 0xf3 226
R 0x26 255
R 0xd4 2
R 0x26 255
R 0x17 2
R 0xa7 91
S 0xd4 116
R 0x04 63
R 0x27 255
R 0x18 2
R 0x11 35
R 0x18 2
R 0x11 35
R 0xd4 35
R 0x11 2
R 0x18 2
R 0x11 35
R 0x18 2
R 0x11 35
R 0x11 2
R 0x5a 8
R 0x11 35
R 0x11 2
R 0x26 255
R 0x11 2
S 0xd4 116
R 0x32 15
R 0x27 255
R 0xd4 35
R 0x18 2
R 0x11 163
R 0xf3 226
R 0x27 255
R 0x20 1
R 0x11 2
R 0x18 2
R 0x11 35
R 0x26 255
R 0x11 2
R 0x11 2
S 0xd4 116
R 0x11 28
R 0x27 255
R 0xd4 35
R 0x18 2
R 0x11 35
R 0x18 2
R 0x11 35
R 0x18 2
R 0x11 35
R 0x11 2
R 0xf3 226
R 0x18 2
R 0x11 35
R 0x18 2
R 0x11 35
R 0x26 255
R 0x27 255
R 0x11 2
R 0x11 2
R 0x26 255
R 0x17 2
R 0x26 254
R 0x26 255
R 0x27 254
R 0x27 255
R 0xf3 5
R 0x16 57
S 0x18 145
S 0xd4 116
R 0xbe 34
R 0x27 255
R 0xd4 35
R 0xf3 226
R 0x18 2
R 0x11 35
R 0x4c 52
R 0x11 35
R 0x18 2
R 0x11 35
R 0x11 2
R 0x11 2
R 0x26 255
R 0x11 2
S 0xd4 116
R 0x23 38
R 0x27 255
R 0xd4 35
R 0x18 2
R 0x11 35
R 0x11 2
R 0x18 2
R 0x11 35
R 0x18 2
R 0x11 35
R 0x11 2
R 0x11 2
R 0x26 255
R 0x17 2
R 0x51 27
R 0xf3 226
R 0x27 255
R 0x18 2
R 0x11 35
S 0xd4 116
R 0x43 46
R 0x27 255
R 0xd4 35
R 0x26 255
R 0x27 255
R 0x18 2
R 0x11 35
R 0x18 2
R 0x11 35
R 0x26 255
R 0x11 2
S 0xd4 116
R 0x03 60
R 0x27 255
R 0xd4 35
R 0x11 2
R 0xf3 226
R 0x26 255
R 0x20 1
R 0x18 2
R 0x11 35
R 0x18 2
R 0x11 35
R 0x11 2
R 0x18 2
R 0x11 35
R 0x11 2
R 0x11 2
S 0xd4 116
R 0x6a 16
R 0x27 255
R 0xd4 35
R 0x18 2
R 0x11 35
R 0x26 255
R 0x27 255
R 0xf3 226
R 0x26 255
R 0x17 2
R 0xfb 43
S 0x18 147
S 0xd4 116
R 0x12 16
R 0x27 255
R 0xd4 35
R 0x18 2
R 0x11 35
R 0x18 2
R 0x11 35
R 0x11 2
R 0x26 255
R 0x11 2
S 0xd4 116
R 0x18 2
R 0x11 35
R 0xab 123
R 0x27 255
R 0xd4 35
R 0x11 2
R 0xf3 226
R 0x27 255
R 0x20 1
R 0x18 2
R 0x11 35
R 0x11 2
R 0x26 255
R 0x17 2
R 0xe5 63
S 0xd4 116
R 0x02 32
R 0x27 255
R 0xd4 35
R 0x18 2
R 0x11 35
R 0x20 1
R 0xf3 226
R 0x26 255
R 0x11 2
R 0x18 2
R 0x11 35
R 0x26 255
R 0x27 255
S 0xd4 116
R 0xae 126
R 0x27 255
R 0xd4 35
R 0x18 2
R 0x11 35
R 0x11 2
R 0x26 255
R 0x11 2
S 0xd4 116
R 0xbb 49
R 0x27 255
R 0xd4 35
R 0xf3 226
R 0x18 2
R 0x11 35
R 0x26 255
R 0x17 2
R 0xf1 49
R 0x49 0
S 0x18 150
S 0xd4 116
R 0x22 18
R 0x27 255
R 0xd4 35
R 0x26 255
R 0x27 255
R 0x18 2
R 0x11 35
R 0x21 1
R 0xf3 226
R 0x27 255
R 0x26 255
R 0x11 2
S 0xd4 116
R 0x90 41
R 0x27 255
R 0xd4 35
R 0xed 54
R 0x18 2
R 0x11 35
R 0x26 255
R 0x17 2
R 0xe1 35
S 0xd4 116
R 0x8b 52
R 0x27 255
R 0xd4 35
R 0xf3 226
R 0x26 255
R 0x27 255
R 0x26 255
R 0x17 2
R 0xd8 61
R 0x14 1
R 0x20 1
R 0xf3 226
R 0x26 255
R 0x27 255
S 0xd4 116
R 0xd4 35
R 0xf3 226
R 0x27 255
R 0x13 2
R 0xd4 2
R 0x26 255
R 0x27 255
R 0xd4 2
R 0xd4 3
S 0xd4 122
R 0xd4 35
R 0x13 1
R 0xf3 226
S 0xd4 121
R 0xd4 35
R 0xd4 2
R 0x0f 19
R 0xf3 226
R 0x14 1
R 0x13 5
R 0x20 1
S 0x31 204
R 0xd4 2
R 0xd4 2
R 0xd4 3
R 0xd4 2
R 0xd4 2
R 0xd4 2
S 0xd4 125
R 0xd4 35
R 0x14 3
R 0x21 1
R 0x13 3
R 0xf3 226
R 0xd4 2
R 0xd4 2
R 0xd4 2
R 0xd4 2
R 0xd4 3
R 0xf3 226
R 0x14 3
R 0x21 1
R 0x13 2
S 0x31 204
R 0xd4 2
R 0xd4 2
R 0xd4 3
R 0xd4 3
S 0xd4 70
R 0xd4 35
R 0xd4 2
R 0xd4 2
R 0xd4 2
R 0xd4 2
R 0xd4 3
R 0xd4 3
R 0x14 6
R 0x21 3
R 0x13 1
R 0xf3 226
R 0xd4 3
R 0xd4 3
R 0xd4 2
R 0xd4 2
R 0xd4 3
R 0xd4 3
R 0xf3 226
R 0x14 1
R 0xd4 2
R 0xd4 3
R 0xd4 3
R 0xd4 3
R 0x14 1
R 0xf3 226
S 0x18 145
R 0xd4 2
R 0xd4 2
R 0xd4 3
R 0xd4 3
R 0xf3 226
R 0x13 1
R 0xd4 2
S 0x00 206
R 0x0b 0
R 0x0b 0
R 0x0d 0
R 0x0d 1
R 0x14 7
R 0x13 5
R 0xf3 226
R 0xd4 2
R 0xd4 3
R 0xd4 3
R 0x18 2
R 0x11 35
R 0x18 2
R 0x11 35
R 0xd4 3
R 0x11 2
R 0xf3 226
R 0x13 1
R 0xd4 2
R 0xd4 3
R 0xd4 2
R 0xd4 2
R 0xd4 3
S 0x00 206
R 0x14 6
R 0xf3 226
R 0x0b 0
R 0x0b 0
R 0x0d 0
R 0x0d 1
R 0xf3 226
R 0x26 255
R 0x13 9
S 0x18 145
R 0xd4 2
R 0xd4 2
R 0xd4 2
R 0xd4 2
R 0xd4 3
S 0xd4 75
R 0x1d 30
R 0x27 255
R 0xd4 35
R 0x18 2
R 0x11 35
R 0x02 19
R 0x11 35
R 0xd4 3
R 0x11 2
R 0x11 2
R 0x26 255
R 0x17 2
R 0x5b 10
R 0x15 35
S 0xd4 74
R 0x24 41
R 0x27 255
R 0xd4 35
R 0x14 1
R 0xf3 226
R 0xd4 3
R 0x26 255
R 0x17 2
R 0xb5 42
S 0xd4 74
R 0xce 4
R 0x27 255
R 0xd4 35
R 0xd4 2
R 0xd4 2
R 0xc2 17
R 0x11 35
R 0xd4 3
R 0x11 2
S 0x18 146
R 0x15 35
R 0x26 255
R 0x17 2
R 0x26 254
R 0x26 255
R 0x27 254
R 0x27 255
R 0xf3 5
R 0xc7 1
R 0x0f 37
R 0xf3 226
R 0x13 2
R 0x20 1
S 0xd4 75
R 0xf5 62
R 0x27 255
R 0xd4 35
R 0xd4 2
R 0xd4 3
R 0xd4 2
R 0x26 255
R 0x27 255
R 0x26 255
R 0x17 2
R 0xff 42
R 0xd4 2
R 0xd4 3
S 0xd4 75
R 0x5d 52
R 0x27 255
R 0xd4 35
R 0x14 1
R 0x13 1
R 0x20 1
R 0xf3 226
R 0x27 255
R 0x18 2
R 0x11 35
R 0x26 255
R 0x27 255
R 0x26 255
R 0x11 2
S 0xd4 75
R 0x76 41
R 0x27 255
R 0xd4 35
R 0x20 63
R 0x11 35
R 0xd4 3
R 0xf3 226
R 0x14 1
R 0x13 1
R 0x20 1
R 0x26 255
R 0x27 255
R 0x11 2
R 0x15 35
R 0x26 255
R 0x17 2
R 0x5d 25
R 0xd4 2
S 0xd4 74
R 0x11 43
R 0x27 255
R 0xd4 35
R 0xd4 3
R 0x26 255
R 0x27 255
R 0x26 255
R 0x11 3
R 0x13 2
R 0x20 1
R 0xf3 226
R 0x26 255
S 0xd4 74
R 0x8e 99
R 0x27 255
R 0xd4 35
R 0xd4 3
R 0xd4 2
R 0xd4 2
R 0xd4 2
S 0x18 148
R 0x26 255
R 0x17 3
R 0xb9 33
R 0xd4 3
S 0xd4 74
R 0xa2 45
R 0x27 255
R 0xd4 35
R 0xd4 2
R 0xd4 2
R 0xf3 226
R 0x27 255
R 0x14 2
R 0x11 35
R 0xdb 39
R 0xd4 3
R 0x26 255
R 0x27 255
R 0x26 255
R 0x17 2
R 0xc5 11
R 0xc9 33
S 0xd4 74
R 0xd4 35
R 0xd4 2
R 0x21 1
R 0x13 3
R 0x20 2
R 0xf3 226
R 0xd4 2
R 0xd4 2
S 0xd4 73
R 0x26 255
R 0x27 255
R 0xd4 35
R 0xd4 3
R 0xd4 2
R 0xd4 2
R 0xf3 226
R 0x13 2
R 0xd4 2
R 0xd4 2
R 0xd4 2
R 0xd4 2
R 0xd4 2
R 0xd4 3
S 0xd4 76
R 0xd4 35
R 0x26 255
R 0x27 255
R 0xd4 2
R 0xd4 2
R 0xd4 2
R 0xd4 2
R 0xd4 3
R 0x13 1
R 0xf3 226
S 0xd4 82
R 0xd4 35
S 0xd4 83
R 0xd4 35
R 0xd4 2
R 0xd4 2
R 0xd4 2
S 0xd4 83
R 0xd4 35
R 0x18 3
R 0x11 35
R 0xd4 2
R 0xd4 2
R 0xd4 2
R 0xd4 3
R 0xf3 226
R 0x14 2
S 0xd4 80
R 0xd4 35
S 0xd4 81
R 0xd4 2
R 0xd4 2
R 0xd4 35
S 0xd4 86
R 0xd4 35
R 0xd4 2
R 0xd4 2
R 0xd4 2
R 0xd4 2
R 0x14 6
R 0x21 2
R 0xf3 226
R 0xd4 2
S 0xd4 84
R 0xd4 35
R 0xd4 3
R 0x11 35
R 0x4d 3
S 0xd4 85
R 0xd4 35
R 0xf3 226
R 0x14 5
R 0x21 3
R 0xd4 2
R 0xd4 2
R 0xf3 226
R 0xd4 2
R 0xd4 2
R 0x08 15
R 0x11 35
R 0x11 3
R 0xf3 226
R 0x15 35
R 0xd4 3
S 0x18 144
R 0xd4 2
R 0xf3 226
R 0x26 255
R 0xf3 226
R 0x11 35
R 0x85 32
R 0x18 3
R 0x11 35
R 0x11 3
R 0xd4 2
R 0xd4 2
R 0x13 1
R 0xf3 226
R 0xd4 2
R 0x18 3
R 0x11 35
R 0x11 3
R 0xf3 226
R 0x13 1
S 0x00 206
R 0x14 5
R 0xf3 226
R 0x0b 0
R 0x0b 0
R 0x0d 0
R 0x0d 1
R 0xf3 226
R 0x26 255
R 0x13 5
R 0xd4 2
R 0xd4 2
R 0x18 2
R 0x11 35
R 0xf4 60
R 0x11 35
R 0xd4 3
R 0x11 3
R 0x15 35
R 0xf3 226
S 0x00 206
R 0x0f 40
R 0xf3 226
R 0x0b 0
R 0x0b 0
R 0x0d 0
R 0x0d 1
R 0x14 2
R 0x13 7
R 0xd4 2
R 0xd4 2
R 0xd4 2
R 0xd4 3
S 0x18 151
S 0xd4 90
R 0xad 31
R 0x27 255
R 0xd4 35
R 0x18 2
R 0x11 35
R 0x18 2
R 0x11 35
R 0x18 2
R 0x11 35
R 0x18 2
R 0x11 35
R 0xd4 3
R 0x11 2
R 0xf3 226
R 0x26 255
R 0x17 2
R 0x19 45
S 0xd4 90
R 0xad 26
R 0x27 255
R 0xd4 35
R 0xd4 2
R 0xd4 2
R 0xd4 3
R 0xd4 2
R 0xd4 3
R 0x5f 37
R 0x11 35
R 0xd4 3
R 0x26 255
R 0x17 2
R 0x8c 70
R 0x11 3
S 0xd4 90
R 0x4c 100
R 0x27 255
R 0xd4 35
R 0x18 2
R 0x11 35
R 0x15 35
R 0xf3 226
R 0x27 255
R 0x13 1
R 0x20 1
R 0x18 2
R 0x11 35
R 0xd4 2
R 0xd4 2
R 0x18 3
R 0x11 35
R 0x11 2
R 0x11 3
R 0x26 255
R 0x11 3
S 0xd4 85
R 0x2f 5
R 0x27 255
R 0xd4 35
R 0xd4 2
R 0xd4 2
R 0xd4 3
R 0x26 255
R 0x17 2
R 0xf1 43
R 0x13 2
R 0xf3 226
R 0x26 255
S 0xd4 85
R 0x26 255
R 0x27 255
R 0xc5 8
R 0x27 255
R 0xd4 35
R 0xd4 2
R 0xd4 2
R 0xd4 2
R 0xd4 2
R 0xd4 3
R 0x18 2
R 0x11 35
R 0x26 255
R 0x11 2
S 0xd4 85
R 0xb8 58
R 0x27 255
R 0xd4 35
R 0xd4 2
R 0xd4 2
R 0x18 3
R 0x11 35
R 0x26 255
R 0x27 255
R 0xd4 3
R 0x18 2
R 0x11 35
R 0x2f 12
R 0x11 163
R 0xf3 226
R 0x14 2
R 0x11 2
R 0x11 3
R 0xd4 2
R 0x26 255
R 0x17 2
R 0xa8 48
S 0xd4 85
R 0x93 34
R 0x27 255
R 0xd4 35
R 0xd4 2
R 0xd4 2
R 0xd4 3
R 0xf3 226
R 0x27 255
R 0x18 2
R 0x11 35
R 0x26 255
R 0x27 255
R 0x11 2
R 0xd4 2
R 0x26 255
R 0x11 2
S 0xd4 85
R 0xbf 25
R 0x27 255
R 0xd4 35
R 0x18 3
R 0x11 35
R 0xd4 2
R 0x26 255
R 0x17 3
R 0x6c 25
R 0xf3 226
R 0x14 1
S 0xd4 85
R 0x52 45
R 0x27 255
R 0xd4 35
R 0xd4 2
R 0x26 255
R 0x27 255
R 0x18 2
R 0x11 35
R 0x26 255
R 0x11 3
S 0xd4 85
R 0x72 24
R 0x27 255
R 0xd4 35
R 0x20 1
R 0xf3 226
R 0x18 3
R 0x11 35
R 0x26 255
R 0x17 3
R 0x2d 5
S 0xd4 85
R 0xec 0
R 0x27 255
R 0xd4 35
R 0xd4 2
R 0xd4 3
S 0x18 145
R 0xd4 2
R 0x26 255
R 0x17 2
R 0x26 254
R 0x26 255
R 0x27 254
R 0x27 255
R 0xf3 5
R 0xfc 74
R 0x18 2
R 0x11 35
R 0xf3 226
R 0x26 255
R 0x20 1
R 0x26 255
R 0x27 255
R 0x11 2
R 0xd4 2
R 0xd4 3
R 0xd4 2
R 0x13 1
R 0xf3 226
R 0xd4 2
R 0x26 255
R 0x27 255
R 0x18 2
R 0x11 35
S 0xd4 85
R 0x96 40
R 0x27 255
R 0xd4 35
R 0xd4 2
R 0x26 255
R 0x27 255
R 0xf3 226
R 0x14 2
R 0xd4 3
R 0x26 255
R 0x17 2
R 0x84 113
R 0x13 1
R 0x0f 4
R 0xf3 226
R 0x27 255
S 0x18 147
S 0xd4 85
R 0xd4 35
S 0xd4 85
R 0xd4 35
R 0xd4 2
S 0xd4 85
R 0xd4 35
S 0xd4 84
R 0xd4 35
S 0xd4 87
R 0xd4 35
R 0xd4 2
R 0xf3 226
R 0x13 3
R 0x20 1
S 0xd4 87
R 0xd4 35
S 0xd4 86
R 0xd4 35
S 0xd4 86
R 0xd4 35
R 0x26 255
R 0x27 255
R 0xd4 2
R 0xd4 2
S 0xd4 81
R 0xd4 35
S 0xd4 81
R 0xd4 35
S 0xd4 80
R 0xd4 35
R 0x14 3
R 0x13 3
R 0x20 1
R 0xf3 226
R 0xd4 2
R 0xd4 2
R 0xd4 2
R 0xd4 2
R 0xd4 3
S 0xd4 83
R 0xd4 35
S 0xd4 82
R 0xd4 35
R 0xd4 2
R 0xd4 3
S 0xd4 77
R 0xd4 35
S 0xd4 77
R 0xd4 35
R 0xf3 226
R 0x13 10
R 0xd4 2
R 0xd4 2
R 0xd4 2
R 0xd4 2
R 0xd4 2
R 0xd4 2
R 0xd4 2
R 0xd4 2
R 0xd4 2
R 0xd4 2
R 0xd4 2
R 0xd4 2
R 0xd4 2
S 0xd4 76
R 0x8e 35
R 0x27 255
R 0xd4 35
R 0x14 1
R 0xf3 226
R 0xd4 2
R 0xd4 2
R 0xd4 2
R 0xd4 2
R 0xd4 2
R 0xd4 3
R 0x26 255
R 0x11 3
S 0xd4 76
R 0xc1 6
R 0x27 255
R 0xd4 35
R 0x18 3
R 0x11 35
R 0xd4 2
R 0xd4 2
R 0xd4 2
R 0xd4 2
R 0xd4 2
R 0x11 3
R 0x26 255
R 0x17 3
R 0xf0 40
R 0xf3 226
R 0x14 2
R 0x21 2
R 0x13 1
R 0xd4 2
R 0xd4 2
R 0xd4 2
R 0xd4 2
R 0xd4 2
R 0xd4 2
R 0xd4 2
R 0xd4 2
S 0xd4 76
R 0xa3 4
R 0x27 255
R 0xd4 35
R 0xd4 2
S 0x18 150
R 0xd4 2
R 0xd4 2
R 0xd4 2
R 0xd4 2
R 0xd4 2
R 0xd4 2
R 0xd4 2
R 0xd4 2
R 0xd4 2
R 0x26 255
R 0x11 2
S 0xd4 76
R 0xd8 59
R 0x27 255
R 0xd4 35
R 0x14 1
R 0x13 2
R 0x20 1
R 0xf3 226
R 0x27 255
R 0xd4 2
R 0xd4 2
R 0xd4 2
R 0xd4 2
R 0xd4 2
R 0xd4 2
R 0xd4 2
R 0x42 61
R 0x11 35
R 0x11 2
R 0x26 255
R 0x17 2
R 0xee 33
R 0x15 35
R 0xd4 2
R 0xd4 2
R 0xd4 2
R 0xd4 2
R 0xd4 2
R 0xd4 2
R 0xd4 2
R 0xd4 2
R 0xd4 2
R 0xf3 226
R 0x26 255
R 0x14 2
R 0x26 255
R 0x27 255
S 0xd4 79
R 0x5c 0
R 0x27 255
R 0xd4 35
R 0xd4 2
R 0xd4 2
R 0xd4 2
R 0xd4 2
R 0xa9 24
R 0xd4 2
R 0x11 2
S 0xd4 79
R 0x69 3
R 0x27 255
R 0xd4 35
R 0xd4 2
R 0xd4 2
R 0xd4 2
R 0xd4 2
R 0xd4 2
R 0x14 2
R 0x21 1
R 0x13 3
R 0xf3 226
R 0xd4 2
R 0xd4 2
R 0xd4 2
R 0xd4 2
R 0xd4 2
R 0xd4 2
R 0x26 255
R 0x17 2
R 0x6b 117
S 0xd4 79
R 0xcc 24
R 0x27 255
R 0xd4 35
R 0x26 255
R 0x27 255
R 0xd4 3
R 0x37 11
R 0xd4 2
R 0xd4 2
R 0xd4 2
R 0xd4 2
R 0xd4 2
R 0xd4 2
R 0x26 255
R 0x17 2
R 0x30 42
R 0xf3 226
R 0x27 255
R 0x13 2
R 0xd4 2
R 0xd4 2
R 0xd4 3
R 0xd4 2
R 0xd4 2
R 0xd4 2
R 0xd4 2
R 0xd4 2
R 0xd4 2
R 0xd4 2
R 0xd4 3
R 0xd4 2
R 0xd4 2
R 0xd4 2
R 0xd4 2
R 0xd4 2
R 0xd4 2
S 0x18 149
S 0xd4 79
R 0x3a 28
R 0x27 255
R 0xd4 35
R 0x14 1
R 0x20 1
R 0xf3 226
R 0xd4 2
R 0xd4 2
R 0xd4 2
R 0xd4 2
R 0xd4 2
R 0xd4 2
R 0x26 255
R 0x27 255
R 0x26 255
R 0x17 2
R 0x6f 40
R 0xd4 2
R 0xd4 3
R 0xd4 2
R 0xd4 2
R 0xd4 2
R 0xd4 2
R 0xd4 2
R 0xd4 2
R 0xd4 2
R 0xd4 2
R 0xd4 2
S 0xd4 79
R 0xd4 35
R 0x0f 20
R 0xf3 226
R 0x14 2
R 0xd4 2
R 0xd4 2
R 0x26 255
R 0x27 255
R 0xd4 2
R 0xd4 2
R 0xd4 2
R 0xd4 2
R 0xd4 2
S 0x18 149
R 0xd4 2
R 0xd4 2
R 0xd4 2
R 0xd4 2
R 0xd4 2
R 0xd4 2
R 0xd4 2
R 0xd4 2
R 0xd4 2
R 0x14 1
R 0x13 2
R 0x20 1
R 0xf3 226
R 0x27 255
R 0xd4 2
R 0xd0 4
R 0xd4 2
R 0xd4 2
R 0xd4 2
R 0xd4 2
R 0x26 255
R 0x27 255
S 0xd4 79
R 0xd4 35
R 0xd4 2
R 0xd4 2
R 0xd4 2
R 0xd4 2
R 0xd4 2
R 0xd4 2
R 0xd4 2
R 0xd4 2
R 0xd4 2
R 0xd4 2
R 0xf3 226
R 0x14 3
R 0x13 1
R 0xd4 2
R 0xd4 2
R 0xd4 2
R 0xd4 2
R 0xd4 3
S 0xd4 75
R 0xd4 35
R 0xd4 2
R 0xd4 2
R 0xd4 2
R 0x14 4
R 0x21 3
R 0xf3 226
R 0xd4 3
R 0xd4 2
R 0xd4 2
R 0xd4 2
R 0xd4 2
R 0xd4 2
R 0xd4 2
S 0xd4 75
R 0x9f 8
R 0x27 255
R 0xd4 35
R 0xd4 3
R 0xd4 2
R 0xd4 2
R 0xd4 2
R 0x11 2
R 0xf3 226
R 0x27 255
S 0xd4 75
R 0x88 30
R 0x27 255
R 0xd4 35
R 0xd4 2
R 0xd4 2
R 0xd4 2
R 0xd4 2
S 0x18 149
R 0x11 2
S 0xd4 75
R 0x6b 62
R 0x27 255
R 0xd4 35
R 0xd4 2
R 0xd4 2
R 0xf3 226
R 0x11 2
R 0xd4 2
S 0xd4 75
R 0xd4 35
R 0xd4 3
R 0xd4 2
R 0xf3 226
R 0x14 1
R 0xd4 2
R 0xd4 2
S 0xd4 75
R 0x16 19
R 0x27 255
R 0xd4 35
R 0xd4 2
R 0xd4 2
R 0xd4 2
R 0xd4 2
R 0x26 255
R 0x11 2
R 0x14 1
R 0x13 2
R 0xf3 226
R 0x27 255
S 0xd4 75
R 0x0b 7
R 0x27 255
R 0xd4 35
R 0xd4 2
R 0xd4 2
R 0xd4 2
R 0xd4 2
R 0x18 2
R 0x11 35
R 0x18 2
R 0x11 35
R 0x11 2
R 0xd4 3
R 0x26 255
R 0x11 2
S 0xd4 75
R 0x94 40
R 0x27 255
R 0xd4 35
R 0x18 2
R 0x11 35
R 0xd4 2
R 0xd4 2
R 0xf3 226
R 0x13 1
R 0xd4 2
R 0xd4 2
R 0x26 255
R 0x17 2
R 0xa0 118
S 0xd4 75
R 0x5a 49
R 0x27 255
R 0xd4 35
R 0x18 2
R 0x11 35
R 0x11 35
R 0x26 7
R 0xd4 3
R 0xd4 3
R 0x11 2
R 0xd4 2
R 0xd4 2
R 0x26 255
R 0x17 2
R 0x3c 110
S 0xd4 75
R 0xe2 25
R 0x27 255
R 0xd4 35
R 0x14 1
R 0x20 1
R 0xf3 226
R 0x18 2
R 0x11 35
R 0xd4 3
R 0xd4 2
R 0xd4 2
R 0x26 255
R 0x17 2
R 0x2f 8
R 0xd4 3
S 0x18 149
R 0xd4 2
R 0xf3 226
R 0x27 255
R 0x14 1
R 0x13 2
R 0x20 1
R 0xd4 2
R 0x11 35
R 0xe9 1
R 0xd4 2
R 0x26 255
R 0x27 255
R 0xd4 2
R 0xd4 2
R 0xd4 2
S 0xd4 75
R 0x1b 29
R 0x27 255
R 0xd4 35
R 0x18 2
R 0x11 35
R 0xd4 2
R 0xd4 2
R 0xd4 2
R 0xd4 2
R 0x26 255
R 0x27 255
R 0x14 2
R 0x13 1
R 0x20 1
R 0xf3 226
R 0xd4 3
R 0x26 255
R 0x17 3
R 0x26 254
R 0x26 255
R 0x27 254
R 0x27 255
R 0xf3 5
R 0x90 7
S 0xd4 75
R 0x9b 25
R 0x27 255
R 0xd4 35
R 0xd4 2
R 0xd4 2
R 0x26 255
R 0x27 255
R 0x18 2
R 0x11 35
R 0xd4 2
R 0x11 35
R 0xc4 34
R 0x11 2
R 0x26 255
R 0x17 2
R 0xce 51
S 0xd4 75
R 0x59 52
R 0x27 255
R 0xd4 35
R 0xf3 226
R 0x14 1
R 0x13 2
R 0x20 1
R 0x18 2
R 0x11 35
R 0x53 32
R 0x11 35
R 0x11 2
R 0x26 255
R 0x17 2
R 0x75 58
S 0xd4 75
R 0x3f 113
R 0x27 255
R 0xd4 35
R 0xd4 2
R 0xd4 2
R 0xd4 2
R 0xd4 2
R 0xd4 3
R 0x13 1
R 0xf3 226
R 0x27 255
R 0xd4 2
R 0xd4 2
R 0xd4 2
R 0x26 255
R 0x11 2
S 0x18 151
R 0x26 255
R 0x27 255
R 0xa1 45
R 0x11 35
R 0xd4 2
S 0xd4 75
R 0x80 36
R 0x27 255
R 0xd4 35
R 0x11 2
R 0xd4 2
R 0x15 35
R 0x26 255
R 0x27 255
R 0x26 255
R 0x17 2
R 0x00 3
R 0xf3 226
R 0x20 1
R 0x18 2
R 0x11 35
S 0xd4 75
R 0xec 46
R 0x27 255
R 0xd4 35
R 0xd4 2
R 0xd4 2
R 0xd4 2
R 0xd4 2
R 0xd4 2
R 0xd4 2
R 0x18 3
R 0x11 35
R 0x26 255
R 0x27 255
R 0x26 255
R 0x11 2
S 0xd4 75
R 0xce 39
R 0x27 255
R 0xd4 35
R 0x14 1
R 0x20 1
R 0xf3 226
R 0xd4 2
R 0xd4 2
S 0x18 148
R 0x26 255
R 0x17 2
R 0xb5 82
R 0xd4 2
R 0xd4 2
R 0xd4 2
R 0xd4 2
R 0xd4 2
S 0xd4 75
R 0xb1 16
R 0x27 255
R 0xd4 35
R 0xf3 226
R 0x26 255
R 0x27 255
R 0x18 3
R 0x11 35
R 0x26 255
R 0x27 255
R 0xd4 2
R 0xd4 2
R 0xd4 2
R 0xd4 2
R 0x65 71
R 0x11 3
R 0x11 35
R 0x0d 45
R 0x26 255
R 0x17 2
R 0x02 30
S 0xd4 75
R 0x1c 40
R 0x27 255
R 0xd4 35
R 0xd4 2
R 0xd4 2
R 0xd4 2
R 0x21 1
R 0x13 1
R 0x0f 34
R 0xf3 226
R 0x26 255
R 0x11 3
S 0x18 147
R 0xaa 25
R 0xd4 2
R 0xd4 2
R 0xd4 2
R 0x18 3
R 0x11 35
R 0x26 255
R 0x27 255
R 0xd4 2
R 0xd4 2
R 0xd4 2
R 0xd4 2
R 0xf3 226
R 0x20 1
S 0xd4 75
R 0xb9 86
R 0x27 255
R 0xd4 35
R 0xd4 2
R 0xd4 2
R 0x26 255
R 0x27 255
R 0x26 255
R 0x11 2
S 0x18 148
R 0xd4 2
R 0x18 3
R 0x11 35
R 0xf3 226
R 0x27 255
R 0xd4 2
R 0xd4 2
R 0xd4 2
R 0x18 2
R 0x11 163
R 0x11 2
R 0xd4 2
R 0xd4 2
R 0xf3 226
R 0x14 2
R 0x13 1
S 0xd4 75
R 0x4e 52
R 0x27 255
R 0xd4 35
R 0xd4 2
R 0xd4 2
R 0x18 3
R 0x11 35
R 0x11 3
R 0xd4 2
R 0xd4 3
R 0x26 255
R 0x11 2
S 0xd4 75
R 0x52 50
R 0x27 255
R 0xd4 35
R 0x14 2
R 0xf3 226
R 0x26 255
R 0x18 2
R 0x11 35
R 0xd4 2
R 0xd4 2
R 0x11 2
R 0x26 255
R 0x17 2
R 0xf8 58
R 0x18 3
R 0x11 35
R 0xd4 2
R 0xd4 2
R 0x11 3
R 0xf3 226
R 0x27 255
R 0x13 1
S 0xd4 75
R 0x31 23
R 0x27 255
R 0xd4 35
R 0xd4 2
R 0xd4 2
R 0xd4 2
R 0xd4 2
R 0xd4 2
R 0x26 255
R 0x17 3
R 0xe5 28
S 0xd4 75
R 0xa4 57
R 0x27 255
R 0xd4 35
R 0xd4 2
R 0xd4 2
R 0x14 2
R 0x13 2
R 0x20 1
R 0xf3 226
R 0x26 255
R 0x11 2
S 0xd4 75
R 0x17 27
R 0x27 255
R 0xd4 35
R 0xd4 2
R 0xd4 2
R 0xd4 2
R 0xd4 2
R 0x26 255
R 0x27 255
R 0xd4 2
R 0x18 2
R 0x11 35
R 0xd4 2
R 0xd4 2
R 0xd4 2
R 0x11 2
R 0x26 255
R 0x17 2
R 0xbe 38
R 0xf3 226
R 0x14 1
R 0x13 1
R 0x20 1
R 0xd4 2
R 0xd4 2
R 0xd4 2
R 0xd4 2
R 0x26 255
R 0x27 255
R 0xd4 2
R 0x14 1
R 0x13 1
R 0x20 1
R 0xf3 226
R 0x27 255
S 0xd4 75
R 0xae 62
R 0x27 255
R 0xd4 35
R 0xd4 2
R 0xd4 2
R 0xd4 2
R 0xd4 2
R 0x26 255
R 0x17 2
R 0x07 28
S 0xd4 75
R 0x67 45
R 0x27 255
R 0xd4 35
R 0xd4 2
R 0xd4 2
R 0x26 255
R 0x27 255
R 0xf3 226
R 0x14 1
R 0x13 1
R 0xd4 2
R 0xd4 2
R 0x26 255
R 0x17 2
R 0x26 254
R 0x26 255
R 0x27 254
R 0x27 255
R 0xf3 5
R 0x44 15
S 0xd4 75
R 0xd4 35
R 0xd4 2
R 0xd4 2
R 0xd4 2
R 0x13 1
R 0x20 2
R 0xf3 226
R 0xd4 2
S 0xd4 75
R 0xd4 35
R 0xd4 2
R 0xd4 2
S 0xd4 74
R 0x5d 43
R 0x27 255
R 0xd4 35
R 0xd4 2
R 0x26 255
R 0x27 255
R 0xd4 2
R 0xd4 2
R 0xd4 2
R 0x26 255
R 0x17 2
R 0x53 11
R 0x0f 37
R 0xf3 226
R 0x27 255
R 0x14 2
R 0x13 1
R 0xd4 2
R 0xd4 2
R 0x26 255
R 0x27 255
S 0xd4 74
R 0x72 91
R 0x27 255
R 0xd4 35
R 0x11 35
R 0xd6 55
R 0xd4 3
R 0xd4 2
R 0x13 1
R 0x20 1
R 0xf3 226
R 0xd4 2
R 0x26 255
R 0x17 2
R 0x71 48
R 0xd4 2
R 0xd4 2
R 0xf3 226
R 0x14 1
R 0x21 1
R 0x20 1
R 0xd4 2
R 0xd4 2
R 0xd4 2
R 0xd4 2
R 0x26 255
R 0x27 255
R 0xd4 2
S 0xd4 74
R 0xd4 35
R 0xd4 2
R 0xd4 2
R 0xf3 226
R 0x27 255
S 0xd4 74
R 0xb3 126
R 0x27 255
R 0xd4 35
R 0xd4 2
R 0x26 255
R 0x27 255
R 0x26 255
R 0x17 2
R 0xa4 3
R 0xd4 2
R 0xf3 226
R 0x21 1
R 0xd4 2
R 0xd4 2
S 0xd4 74
R 0xd4 35
R 0x14 1
R 0x13 1
R 0xf3 226
S 0xd4 74
R 0xd4 35
R 0xd4 2
R 0xd4 2
R 0xd4 3
R 0x26 255
R 0x27 255
R 0xd4 2
R 0xf3 226
R 0x27 255
R 0x14 2
R 0xd4 2
S 0xd4 74
R 0xd4 35
R 0xd4 2
R 0xd4 2
R 0xf3 226
R 0x13 3
R 0xd4 2
R 0x11 35
R 0xda 37
R 0xd4 3
R 0xd4 2
R 0xd4 2
R 0x13 2
R 0xf3 226
R 0xd4 2
S 0xd4 76
R 0xec 110
R 0x27 255
R 0xd4 35
R 0xd4 2
R 0xd4 2
R 0xd4 2
R 0x26 255
R 0x17 2
R 0xca 25
R 0xf3 226
R 0x27 255
R 0x14 3
R 0x13 2
S 0xd4 76
R 0xd4 35
R 0xd4 2
R 0xd4 2
R 0xd4 2
R 0xd4 2
R 0xd4 3
S 0xd4 76
R 0x26 56
R 0x27 255
R 0xd4 35
R 0xd4 2
R 0xd4 2
R 0x14 2
R 0x13 2
R 0x20 1
R 0xf3 226
R 0xd4 2
R 0xd4 2
R 0xd4 2
R 0x26 255
R 0x11 3
S 0xd4 76
R 0x06 58
R 0x27 255
R 0xd4 35
R 0xd4 2
R 0x18 3
R 0x11 35
R 0xd4 2
R 0xd4 2
R 0xd4 3
R 0x26 255
R 0x17 3
R 0xe5 36
S 0x18 149
R 0xd4 2
R 0xf3 226
R 0x14 1
R 0x13 1
R 0xd4 2
R 0x26 255
R 0x27 255
R 0xd4 2
R 0xd4 2
R 0xd4 3
R 0xd4 2
R 0xd4 2
R 0xd4 2
R 0x14 1
R 0x21 1
R 0x13 2
R 0xf3 226
R 0x27 255
R 0xd4 2
R 0xd4 3
R 0xd4 2
S 0x18 145
R 0xd4 2
R 0xd4 2
R 0xd4 2
R 0xd4 2
R 0xd4 2
R 0xd4 2
R 0xd4 2
R 0xd4 3
R 0x26 255
R 0x27 255
R 0xd4 2
R 0xf3 226
R 0x14 1
R 0x21 1
R 0x13 3
R 0xd4 2
R 0xd4 2
R 0xd4 2
R 0xd4 2
R 0xd4 2
R 0xd4 2
R 0xd4 2
R 0xd4 2
R 0xd4 2
R 0xd4 3
R 0x14 1
R 0x21 1
R 0x13 1
R 0xf3 226
S 0x8e 5
R 0x9e 61
R 0x0b 0
R 0x45 1
R 0xb2 23
R 0xdc 14
S 0xf3 104
R 0xd4 2
R 0xd4 2
R 0xd4 2
R 0xd4 2
R 0xd4 2
R 0xd4 2
R 0xd4 2
R 0xd4 2
R 0xd4 2
R 0xf3 226
R 0xf3 226
S 0x18 144
R 0xf3 226
R 0xb2 23
S 0xd4 79
R 0xd4 35
S 0xd4 78
R 0xd4 35
S 0xd4 73
R 0xd4 35
S 0xd4 73
R 0xd4 35
R 0x13 1
R 0xf3 226
R 0xf3 226
R 0xf3 226
S 0x18 145
R 0xf3 226
R 0x0f 25
R 0xf3 226
R 0xf3 226
R 0xf3 226
R 0xf3 226
R 0xf3 226
R 0xf3 226
R 0xf3 226
R 0xf3 226
R 0xf3 226
R 0xf3 226
R 0xf3 226
R 0xf3 226
R 0xf3 226
R 0xf3 226
R 0x0f 1
R 0xf3 226
R 0xf3 226
R 0xf3 226
R 0xf3 226
R 0xf3 226
R 0xf3 226
R 0xf3 226
R 0xf3 226
R 0xf3 226
R 0xf3 226
R 0xf3 226
R 0xf3 226
R 0xf3 226
R 0xf3 226
R 0x0f 1
R 0xf3 226
R 0xf3 226
R 0xf3 226
R 0xf3 226
R 0xf3 226
R 0xf3 226
R 0xf3 226
R 0xf3 226
R 0xf3 226
R 0xf3 226
R 0xf3 226
R 0xf3 226
R 0xf3 226
R 0xf3 226
R 0xf3 226
R 0xf3 226
R 0x0f 19
R 0xf3 226
R 0xf3 226
R 0xf3 226
R 0xf3 226
R 0xf3 226
R 0xf3 226
R 0xf3 226
R 0xf3 226
R 0xf3 226
R 0xf3 226
R 0xf3 226
R 0xf3 226
R 0xf3 226
R 0xf3 226
S 0x18 144
R 0xf3 226
R 0xf3 226
S 0x18 145
R 0x0f 5
R 0xf3 226
S 0x18 144
R 0xf3 226
R 0xf3 226
R 0xf3 226
R 0xf3 226
R 0xf3 226
R 0xf3 226
R 0xf3 226
R 0xf3 226
R 0xf3 226
R 0xf3 226
R 0xf3 226
R 0x0f 33
R 0xf3 226
R 0xf3 226
R 0xf3 226
R 0xf3 226
R 0xf3 226
R 0xf3 226
R 0xf3 226
R 0xf3 226
R 0xf3 226
R 0xf3 226
R 0xf3 226
R 0xf3 226
R 0xf3 226
R 0xf3 226
R 0xf3 226
R 0xf3 226
R 0xf3 226
R 0xf3 226
R 0xf3 226
R 0x0f 2
R 0xf3 226
R 0xf3 226
R 0xf3 226
R 0x13 1
R 0xd4 8
R 0xd4 8
R 0xf3 226
R 0xf3 226
R 0x14 1
R 0xf3 226
R 0xf3 226
R 0xf3 226
R 0xf3 226
R 0xf3 226
R 0xf3 226
R 0x13 1
R 0xf3 226
R 0xd4 8
R 0xf3 226
R 0x14 1
R 0xf3 226
R 0xf3 226
R 0x0f 36
R 0xf3 226
R 0xf3 226
R 0xf3 226
R 0xf3 226
R 0xf3 226
R 0xf3 226
R 0xf3 226
R 0x13 1
R 0xd4 8
R 0xf3 226
R 0xf3 226
R 0xf3 226
R 0xd4 8
R 0xf3 226
R 0x14 1
R 0xf3 226
R 0xf3 226
R 0xf3 226
R 0xf3 226
R 0xf3 226
R 0xf3 226
R 0xf3 226
R 0xf3 226
R 0xf3 226
R 0x0f 6
R 0xf3 226
R 0xf3 226
R 0xf3 226
R 0x13 1
R 0xf3 226
R 0xd4 8
R 0xf3 226
R 0xd4 8
R 0xf3 226
R 0xd4 8
R 0xd4 8
R 0xf3 226
R 0xd4 8
R 0xf3 226
R 0xf3 226
R 0x14 1
R 0xf3 226
R 0xf3 226
R 0xf3 226
R 0xf3 226
R 0xf3 226
R 0xf3 226
R 0x0f 21
R 0xf3 226
R 0xf3 226
R 0x13 1
R 0xf3 226
R 0xd4 8
R 0xf3 226
R 0xf3 226
R 0xd4 8
R 0xd4 8
R 0xf3 226
R 0xd4 8
R 0xf3 226
R 0xd4 8
R 0xf3 226
R 0xf3 226
R 0xf3 226
R 0xd4 8
R 0xf3 226
R 0xf3 226
R 0x14 1
R 0x13 1
R 0xf3 226
R 0xd4 8
R 0x0f 21
R 0xf3 226
R 0xf3 226
R 0xd4 8
R 0xf3 226
R 0xd4 8
R 0xf3 226
R 0xd4 8
R 0xd4 8
R 0xf3 226
R 0xd4 8
R 0xd4 8
R 0xf3 226
R 0xf3 226
R 0xd4 8
R 0xf3 226
R 0xf3 226
R 0xd4 8
R 0xf3 226
R 0xd4 8
R 0xf3 226
R 0xd4 8
R 0xd4 8
R 0xf3 226
R 0xd4 8
R 0xf3 226
R 0xd4 8
R 0xf3 226
R 0xd4 8
R 0xf3 226
R 0x14 1
R 0xf3 226
R 0xf3 226
R 0x0f 9
R 0xf3 226
R 0xf3 226
R 0xf3 226
R 0xf3 226
R 0xf3 226
R 0xf3 226
R 0xf3 226
R 0xf3 226
R 0x13 1
R 0xf3 226
R 0xd4 8
R 0xf3 226
R 0x14 1
R 0xf3 226
